Arguments: 
  /Users/karimabdallah/.nvm/versions/node/v16.3.0/bin/node /usr/local/Cellar/yarn/1.22.17_2/libexec/bin/yarn.js add antd

PATH: 
  /Users/karimabdallah/.pyenv/shims:/Users/karimabdallah/.pyenv/shims:/Users/karimabdallah/.pyenv/bin:/usr/local/Cellar/pyenv-virtualenv/1.1.5/shims:/Users/karimabdallah/.nvm/versions/node/v16.3.0/bin:/usr/local/bin:/System/Cryptexes/App/usr/bin:/usr/bin:/bin:/usr/sbin:/sbin:/Users/karimabdallah/.pyenv/bin:/usr/local/Cellar/pyenv-virtualenv/1.1.5/shims:/Users/karimabdallah/.nvm/versions/node/v16.3.0/bin:/Users/karimabdallah/.local/bin:/Users/karimabdallah/.local/bin:/Users/karimabdallah/.local/bin

Yarn version: 
  1.22.17

Node version: 
  16.3.0

Platform: 
  darwin x64

Trace: 
  Error: https://galileo-184110301975.d.codeartifact.us-east-1.amazonaws.com/npm/npm/react-calendar: Unauthenticated: request used expired credentials. Please renew your credentials.
      at Request.params.callback [as _callback] (/usr/local/Cellar/yarn/1.22.17_2/libexec/lib/cli.js:67029:18)
      at Request.self.callback (/usr/local/Cellar/yarn/1.22.17_2/libexec/lib/cli.js:140883:22)
      at Request.emit (node:events:394:28)
      at Request.<anonymous> (/usr/local/Cellar/yarn/1.22.17_2/libexec/lib/cli.js:141855:10)
      at Request.emit (node:events:394:28)
      at Gunzip.<anonymous> (/usr/local/Cellar/yarn/1.22.17_2/libexec/lib/cli.js:141777:12)
      at Object.onceWrapper (node:events:513:28)
      at Gunzip.emit (node:events:394:28)
      at endReadableNT (node:internal/streams/readable:1329:12)
      at processTicksAndRejections (node:internal/process/task_queues:83:21)

npm manifest: 
  {
    "dependencies": {
      "react-calendar": "^3.9.0",
      "styled-components": "^5.3.6"
    }
  }

yarn manifest: 
  No manifest

Lockfile: 
  No lockfile
